23:04:13: [INFO] [/Users/mingzheli/Documents/vscode/uwarg/autonomy-bootcamp-2025-p2/modules/command/command_worker.py | command_worker | 51] Logger initialized
23:04:13: [INFO] [/Users/mingzheli/Documents/vscode/uwarg/autonomy-bootcamp-2025-p2/modules/command/command.py | run | 93] Average velocity so far: (0.000, 0.000, 4.000) m/s
23:04:13: [INFO] [/Users/mingzheli/Documents/vscode/uwarg/autonomy-bootcamp-2025-p2/modules/command/command.py | run | 121] CHANGE_ALTITUDE: 1
23:04:13: [INFO] [/Users/mingzheli/Documents/vscode/uwarg/autonomy-bootcamp-2025-p2/modules/command/command.py | run | 93] Average velocity so far: (0.000, 0.000, 1.000) m/s
23:04:13: [INFO] [/Users/mingzheli/Documents/vscode/uwarg/autonomy-bootcamp-2025-p2/modules/command/command.py | run | 121] CHANGE_ALTITUDE: -1
23:04:14: [INFO] [/Users/mingzheli/Documents/vscode/uwarg/autonomy-bootcamp-2025-p2/modules/command/command.py | run | 93] Average velocity so far: (0.000, 0.000, 0.667) m/s
23:04:14: [INFO] [/Users/mingzheli/Documents/vscode/uwarg/autonomy-bootcamp-2025-p2/modules/command/command.py | run | 93] Average velocity so far: (0.000, 0.000, 0.500) m/s
23:04:15: [INFO] [/Users/mingzheli/Documents/vscode/uwarg/autonomy-bootcamp-2025-p2/modules/command/command.py | run | 93] Average velocity so far: (0.000, 0.000, 0.400) m/s
23:04:15: [INFO] [/Users/mingzheli/Documents/vscode/uwarg/autonomy-bootcamp-2025-p2/modules/command/command.py | run | 93] Average velocity so far: (0.000, 0.000, 0.333) m/s
23:04:16: [INFO] [/Users/mingzheli/Documents/vscode/uwarg/autonomy-bootcamp-2025-p2/modules/command/command.py | run | 93] Average velocity so far: (0.000, 0.000, 0.286) m/s
23:04:16: [INFO] [/Users/mingzheli/Documents/vscode/uwarg/autonomy-bootcamp-2025-p2/modules/command/command.py | run | 93] Average velocity so far: (0.000, 2.500, 0.250) m/s
23:04:16: [INFO] [/Users/mingzheli/Documents/vscode/uwarg/autonomy-bootcamp-2025-p2/modules/command/command.py | run | 154] CHANGING_YAW: 63.43494882292201
23:04:17: [INFO] [/Users/mingzheli/Documents/vscode/uwarg/autonomy-bootcamp-2025-p2/modules/command/command.py | run | 93] Average velocity so far: (0.000, 4.444, 0.222) m/s
23:04:17: [INFO] [/Users/mingzheli/Documents/vscode/uwarg/autonomy-bootcamp-2025-p2/modules/command/command.py | run | 154] CHANGING_YAW: 90.0
23:04:17: [INFO] [/Users/mingzheli/Documents/vscode/uwarg/autonomy-bootcamp-2025-p2/modules/command/command.py | run | 93] Average velocity so far: (0.000, 6.000, 0.200) m/s
23:04:17: [INFO] [/Users/mingzheli/Documents/vscode/uwarg/autonomy-bootcamp-2025-p2/modules/command/command.py | run | 154] CHANGING_YAW: 116.56505117707799
23:04:18: [INFO] [/Users/mingzheli/Documents/vscode/uwarg/autonomy-bootcamp-2025-p2/modules/command/command.py | run | 93] Average velocity so far: (1.818, 5.455, 0.182) m/s
23:04:18: [INFO] [/Users/mingzheli/Documents/vscode/uwarg/autonomy-bootcamp-2025-p2/modules/command/command.py | run | 154] CHANGING_YAW: 45.0
23:04:18: [INFO] [/Users/mingzheli/Documents/vscode/uwarg/autonomy-bootcamp-2025-p2/modules/command/command.py | run | 93] Average velocity so far: (3.333, 5.000, 0.167) m/s
23:04:18: [INFO] [/Users/mingzheli/Documents/vscode/uwarg/autonomy-bootcamp-2025-p2/modules/command/command.py | run | 154] CHANGING_YAW: 63.43494882292201
23:04:19: [INFO] [/Users/mingzheli/Documents/vscode/uwarg/autonomy-bootcamp-2025-p2/modules/command/command.py | run | 93] Average velocity so far: (4.615, 4.615, 0.154) m/s
23:04:19: [INFO] [/Users/mingzheli/Documents/vscode/uwarg/autonomy-bootcamp-2025-p2/modules/command/command.py | run | 154] CHANGING_YAW: 90.0
23:04:19: [INFO] [/Users/mingzheli/Documents/vscode/uwarg/autonomy-bootcamp-2025-p2/modules/command/command.py | run | 93] Average velocity so far: (4.286, 2.857, 0.143) m/s
23:04:19: [INFO] [/Users/mingzheli/Documents/vscode/uwarg/autonomy-bootcamp-2025-p2/modules/command/command.py | run | 154] CHANGING_YAW: 26.565051177077976
23:04:20: [INFO] [/Users/mingzheli/Documents/vscode/uwarg/autonomy-bootcamp-2025-p2/modules/command/command.py | run | 93] Average velocity so far: (4.000, 1.333, 0.133) m/s
23:04:20: [INFO] [/Users/mingzheli/Documents/vscode/uwarg/autonomy-bootcamp-2025-p2/modules/command/command.py | run | 154] CHANGING_YAW: 45.0
23:04:20: [INFO] [/Users/mingzheli/Documents/vscode/uwarg/autonomy-bootcamp-2025-p2/modules/command/command.py | run | 93] Average velocity so far: (3.750, 0.000, 0.125) m/s
23:04:20: [INFO] [/Users/mingzheli/Documents/vscode/uwarg/autonomy-bootcamp-2025-p2/modules/command/command.py | run | 154] CHANGING_YAW: 90.0
23:04:21: [INFO] [/Users/mingzheli/Documents/vscode/uwarg/autonomy-bootcamp-2025-p2/modules/command/command.py | run | 93] Average velocity so far: (2.353, 0.000, 0.118) m/s
23:04:21: [INFO] [/Users/mingzheli/Documents/vscode/uwarg/autonomy-bootcamp-2025-p2/modules/command/command.py | run | 154] CHANGING_YAW: 45.0
23:04:21: [INFO] [/Users/mingzheli/Documents/vscode/uwarg/autonomy-bootcamp-2025-p2/modules/command/command.py | run | 93] Average velocity so far: (1.111, 0.000, 0.111) m/s
23:04:21: [INFO] [/Users/mingzheli/Documents/vscode/uwarg/autonomy-bootcamp-2025-p2/modules/command/command.py | run | 154] CHANGING_YAW: 90.0
23:04:22: [INFO] [/Users/mingzheli/Documents/vscode/uwarg/autonomy-bootcamp-2025-p2/modules/command/command.py | run | 93] Average velocity so far: (0.000, 0.000, 0.105) m/s
23:04:22: [INFO] [/Users/mingzheli/Documents/vscode/uwarg/autonomy-bootcamp-2025-p2/modules/command/command.py | run | 154] CHANGING_YAW: 135.0
23:04:22: [INFO] [/Users/mingzheli/Documents/vscode/uwarg/autonomy-bootcamp-2025-p2/modules/command/command.py | run | 93] Average velocity so far: (0.000, 1.000, 0.100) m/s
23:04:22: [INFO] [/Users/mingzheli/Documents/vscode/uwarg/autonomy-bootcamp-2025-p2/modules/command/command.py | run | 154] CHANGING_YAW: -26.565051177077994
23:04:23: [INFO] [/Users/mingzheli/Documents/vscode/uwarg/autonomy-bootcamp-2025-p2/modules/command/command.py | run | 93] Average velocity so far: (0.000, 1.905, 0.095) m/s
23:04:23: [INFO] [/Users/mingzheli/Documents/vscode/uwarg/autonomy-bootcamp-2025-p2/modules/command/command.py | run | 154] CHANGING_YAW: -45.0
23:04:23: [INFO] [/Users/mingzheli/Documents/vscode/uwarg/autonomy-bootcamp-2025-p2/modules/command/command.py | run | 93] Average velocity so far: (0.000, 2.727, 0.091) m/s
23:04:23: [INFO] [/Users/mingzheli/Documents/vscode/uwarg/autonomy-bootcamp-2025-p2/modules/command/command.py | run | 154] CHANGING_YAW: -90.0
23:04:24: [INFO] [/Users/mingzheli/Documents/vscode/uwarg/autonomy-bootcamp-2025-p2/modules/command/command.py | run | 93] Average velocity so far: (0.870, 2.609, 0.087) m/s
23:04:24: [INFO] [/Users/mingzheli/Documents/vscode/uwarg/autonomy-bootcamp-2025-p2/modules/command/command.py | run | 154] CHANGING_YAW: -45.0
23:04:24: [INFO] [/Users/mingzheli/Documents/vscode/uwarg/autonomy-bootcamp-2025-p2/modules/command/command.py | run | 93] Average velocity so far: (1.667, 2.500, 0.083) m/s
23:04:24: [INFO] [/Users/mingzheli/Documents/vscode/uwarg/autonomy-bootcamp-2025-p2/modules/command/command.py | run | 154] CHANGING_YAW: -90.0
23:04:25: [INFO] [/Users/mingzheli/Documents/vscode/uwarg/autonomy-bootcamp-2025-p2/modules/command/command.py | run | 93] Average velocity so far: (2.400, 2.400, 0.080) m/s
23:04:25: [INFO] [/Users/mingzheli/Documents/vscode/uwarg/autonomy-bootcamp-2025-p2/modules/command/command.py | run | 154] CHANGING_YAW: -135.0
23:04:25: [INFO] [/Users/mingzheli/Documents/vscode/uwarg/autonomy-bootcamp-2025-p2/modules/command/command.py | run | 93] Average velocity so far: (2.308, 1.538, 0.077) m/s
23:04:25: [INFO] [/Users/mingzheli/Documents/vscode/uwarg/autonomy-bootcamp-2025-p2/modules/command/command.py | run | 154] CHANGING_YAW: -63.43494882292201
23:04:26: [INFO] [/Users/mingzheli/Documents/vscode/uwarg/autonomy-bootcamp-2025-p2/modules/command/command.py | run | 93] Average velocity so far: (2.222, 0.741, 0.074) m/s
23:04:26: [INFO] [/Users/mingzheli/Documents/vscode/uwarg/autonomy-bootcamp-2025-p2/modules/command/command.py | run | 154] CHANGING_YAW: -90.0
23:04:26: [INFO] [/Users/mingzheli/Documents/vscode/uwarg/autonomy-bootcamp-2025-p2/modules/command/command.py | run | 93] Average velocity so far: (2.143, 0.000, 0.071) m/s
23:04:26: [INFO] [/Users/mingzheli/Documents/vscode/uwarg/autonomy-bootcamp-2025-p2/modules/command/command.py | run | 154] CHANGING_YAW: -116.565051177078
23:04:27: [INFO] [/Users/mingzheli/Documents/vscode/uwarg/autonomy-bootcamp-2025-p2/modules/command/command.py | run | 93] Average velocity so far: (1.379, 0.000, 0.069) m/s
23:04:27: [INFO] [/Users/mingzheli/Documents/vscode/uwarg/autonomy-bootcamp-2025-p2/modules/command/command.py | run | 154] CHANGING_YAW: -45.0
23:04:27: [INFO] [/Users/mingzheli/Documents/vscode/uwarg/autonomy-bootcamp-2025-p2/modules/command/command.py | run | 93] Average velocity so far: (0.667, 0.000, 0.067) m/s
23:04:27: [INFO] [/Users/mingzheli/Documents/vscode/uwarg/autonomy-bootcamp-2025-p2/modules/command/command.py | run | 154] CHANGING_YAW: -63.43494882292201
23:04:28: [INFO] [/Users/mingzheli/Documents/vscode/uwarg/autonomy-bootcamp-2025-p2/modules/command/command.py | run | 93] Average velocity so far: (0.000, 0.000, 0.065) m/s
23:04:28: [INFO] [/Users/mingzheli/Documents/vscode/uwarg/autonomy-bootcamp-2025-p2/modules/command/command.py | run | 154] CHANGING_YAW: -90.0
